MPLINK 4.40, Linker
Linker Map File - Created Wed Oct 09 13:38:40 2013

                                 Section Info
                  Section       Type    Address   Location Size(Bytes)
                ---------  ---------  ---------  ---------  ---------
               _entry_scn       code   0x000000    program   0x000006
                   .cinit    romdata   0x000006    program   0x000002
      InterruptVectorHigh       code   0x000008    program   0x000006
           .code___init.o       code   0x00000e    program   0x000002
       InterruptVectorLow       code   0x000018    program   0x000006
              .code_gsm.o       code   0x00001e    program   0x0061a4
             .stringtable    romdata   0x0061c2    program   0x000495
           .idata_gsm.o_i    romdata   0x006657    program   0x000000
           .romdata_gsm.o    romdata   0x006657    program   0x000000
      .idata_fxd0808u.o_i    romdata   0x006657    program   0x000000
      .romdata_fxd0808u.o    romdata   0x006657    program   0x000000
        .idata_t1open.o_i    romdata   0x006657    program   0x000000
        .romdata_t1open.o    romdata   0x006657    program   0x000000
       .idata_t1write.o_i    romdata   0x006657    program   0x000000
       .romdata_t1write.o    romdata   0x006657    program   0x000000
        .idata_uwrite.o_i    romdata   0x006657    program   0x000000
        .romdata_uwrite.o    romdata   0x006657    program   0x000000
         .idata_udefs.o_i    romdata   0x006657    program   0x000000
         .romdata_udefs.o    romdata   0x006657    program   0x000000
        .idata___init.o_i    romdata   0x006657    program   0x000000
        .romdata___init.o    romdata   0x006657    program   0x000000
         .romdata_c018i.o    romdata   0x006657    program   0x000000
        .idata_uputrs.o_i    romdata   0x006657    program   0x000000
        .romdata_uputrs.o    romdata   0x006657    program   0x000000
         .idata_uputs.o_i    romdata   0x006657    program   0x000000
         .romdata_uputs.o    romdata   0x006657    program   0x000000
         .idata_c018i.o_i    romdata   0x006657    program   0x000000
          .idata_main.o_i    romdata   0x006657    program   0x000000
     .romdata_globleVar.o    romdata   0x006657    program   0x000000
     .idata_globleVar.o_i    romdata   0x006657    program   0x000000
          .romdata_main.o    romdata   0x006657    program   0x000000
          .idata_init.o_i    romdata   0x006657    program   0x000000
          .romdata_init.o    romdata   0x006657    program   0x000000
            .code_udefs.o       code   0x006658    program   0x000000
        .code_globleVar.o       code   0x006658    program   0x000000
            .code_c018i.o       code   0x006658    program   0x000000
             .code_init.o       code   0x006658    program   0x0001a8
                   STRING       code   0x006800    program   0x0000da
             .code_main.o       code   0x0068da    program   0x0000b8
               _cinit_scn       code   0x006992    program   0x00009e
           .code_uputrs.o       code   0x006a30    program   0x000064
            .code_uputs.o       code   0x006a94    program   0x00004c
           .code_t1open.o       code   0x006ae0    program   0x000042
          .code_t1write.o       code   0x006b22    program   0x000038
             D10KTCYXCODE       code   0x006b5a    program   0x00002e
           .code_uwrite.o       code   0x006b88    program   0x00002e
                    .code       code   0x006bb6    program   0x000020
             _startup_scn       code   0x006bd6    program   0x00001c
         .code_fxd0808u.o       code   0x006bf2    program   0x00001c
    .config_300001_main.o    romdata   0x300001    program   0x000001
    .config_300002_main.o    romdata   0x300002    program   0x000001
    .config_300003_main.o    romdata   0x300003    program   0x000001
    .config_300005_main.o    romdata   0x300005    program   0x000001
    .config_300006_main.o    romdata   0x300006    program   0x000001
    .config_300008_main.o    romdata   0x300008    program   0x000001
    .config_300009_main.o    romdata   0x300009    program   0x000001
    .config_30000a_main.o    romdata   0x30000a    program   0x000001
    .config_30000b_main.o    romdata   0x30000b    program   0x000001
    .config_30000c_main.o    romdata   0x30000c    program   0x000001
    .config_30000d_main.o    romdata   0x30000d    program   0x000001
                MATH_DATA      udata   0x000000       data   0x000010
                 .tmpdata      udata   0x000010       data   0x000006
                DELAYDAT2      udata   0x000016       data   0x000001
                DELAYDAT1      udata   0x000017       data   0x000001
                     gpr3      udata   0x000100       data   0x0000ca
           .udata_c018i.o      udata   0x0001ca       data   0x00000a
             .udata_gsm.o      udata   0x0001d4       data   0x000003
           .udata_udefs.o      udata   0x0001d7       data   0x000001
          .udata_t1open.o      udata   0x0001d8       data   0x000000
          .idata_t1open.o      idata   0x0001d8       data   0x000000
         .udata_t1write.o      udata   0x0001d8       data   0x000000
         .idata_t1write.o      idata   0x0001d8       data   0x000000
          .udata_uwrite.o      udata   0x0001d8       data   0x000000
          .idata_uwrite.o      idata   0x0001d8       data   0x000000
           .idata_udefs.o      idata   0x0001d8       data   0x000000
          .udata___init.o      udata   0x0001d8       data   0x000000
          .idata___init.o      idata   0x0001d8       data   0x000000
          .udata_uputrs.o      udata   0x0001d8       data   0x000000
          .idata_uputrs.o      idata   0x0001d8       data   0x000000
           .udata_uputs.o      udata   0x0001d8       data   0x000000
           .idata_uputs.o      idata   0x0001d8       data   0x000000
        .idata_fxd0808u.o      idata   0x0001d8       data   0x000000
        .udata_fxd0808u.o      udata   0x0001d8       data   0x000000
           .idata_c018i.o      idata   0x0001d8       data   0x000000
             .idata_gsm.o      idata   0x0001d8       data   0x000000
                     gpr4      udata   0x0001d8       data   0x000000
                     gpr2      udata   0x0001d8       data   0x000000
                     gpr1      udata   0x0001d8       data   0x000000
                     gpr0      udata   0x0001d8       data   0x000000
       .idata_globleVar.o      idata   0x0001d8       data   0x000000
       .udata_globleVar.o      udata   0x0001d8       data   0x000000
            .idata_init.o      idata   0x0001d8       data   0x000000
            .udata_init.o      udata   0x0001d8       data   0x000000
            .idata_main.o      idata   0x0001d8       data   0x000000
            .udata_main.o      udata   0x0001d8       data   0x000000
                   .stack      udata   0x000e00       data   0x000100
            SFR_UNBANKED0      udata   0x000f77       data   0x000089



                              Program Memory Usage 
                               Start         End      
                           ---------   ---------      
                            0x000000    0x00000f      
                            0x000018    0x006656      
                            0x006658    0x006c0d      
                            0x300001    0x300003      
                            0x300005    0x300006      
                            0x300008    0x30000d      
            27664 out of 66584 program addresses used, program memory utilization is 41%



                              Symbols - Sorted by Name
                     Name    Address   Location    Storage File                     
                ---------  ---------  ---------  --------- ---------                
                 ADC_Init   0x0067da    program     extern L:\0-company\power\5-program\IDP-E-24V\00-new\S46K20-20131009\init.c
                   D10K_1   0x006b66    program     static C:\MCC18\v3_39\src\traditional\delays\d10ktcyx.asm
                    D10Kl   0x006b72    program     static C:\MCC18\v3_39\src\traditional\delays\d10ktcyx.asm
                    D10Kx   0x006b64    program     static C:\MCC18\v3_39\src\traditional\delays\d10ktcyx.asm
             Delay10KTCYx   0x006b5a    program     extern C:\MCC18\v3_39\src\traditional\delays\d10ktcyx.asm
         Distinguish_Send   0x002c82    program     extern L:\0-company\power\5-program\IDP-E-24V\00-new\S46K20-20131009\gsm.c
                 FXD0808U   0x006bf2    program     extern C:\MCC18\v3_39\src\traditional\math\fxd0808u.c
                   InitIO   0x00672c    program     extern L:\0-company\power\5-program\IDP-E-24V\00-new\S46K20-20131009\init.c
                  InitSSP   0x00670e    program     extern L:\0-company\power\5-program\IDP-E-24V\00-new\S46K20-20131009\init.c
                InitUSART   0x0067a0    program     extern L:\0-company\power\5-program\IDP-E-24V\00-new\S46K20-20131009\init.c
           Init_interrupt   0x006658    program     extern L:\0-company\power\5-program\IDP-E-24V\00-new\S46K20-20131009\init.c
     InterruptServiceHigh   0x0068da    program     extern L:\0-company\power\5-program\IDP-E-24V\00-new\S46K20-20131009\main.c
      InterruptServiceLow   0x006922    program     extern L:\0-company\power\5-program\IDP-E-24V\00-new\S46K20-20131009\main.c
      InterruptVectorHigh   0x000008    program     extern L:\0-company\power\5-program\IDP-E-24V\00-new\S46K20-20131009\main.c
       InterruptVectorLow   0x000018    program     extern L:\0-company\power\5-program\IDP-E-24V\00-new\S46K20-20131009\main.c
                 My_Delay   0x00615a    program     extern L:\0-company\power\5-program\IDP-E-24V\00-new\S46K20-20131009\gsm.c
                My_Delay1   0x006186    program     extern L:\0-company\power\5-program\IDP-E-24V\00-new\S46K20-20131009\gsm.c
               OpenTimer1   0x006ae0    program     extern C:\MCC18\v3_39\src\pmc_common\Timers\t1open.c
             SendMessage2   0x0023fe    program     extern L:\0-company\power\5-program\IDP-E-24V\00-new\S46K20-20131009\gsm.c
              Timer0_Init   0x0066ca    program     extern L:\0-company\power\5-program\IDP-E-24V\00-new\S46K20-20131009\init.c
              Timer1_Init   0x0066dc    program     extern L:\0-company\power\5-program\IDP-E-24V\00-new\S46K20-20131009\init.c
              Timer2_Init   0x0066fc    program     extern L:\0-company\power\5-program\IDP-E-24V\00-new\S46K20-20131009\init.c
              Timer3_Init   0x00670c    program     extern L:\0-company\power\5-program\IDP-E-24V\00-new\S46K20-20131009\init.c
              WriteTimer1   0x006b22    program     extern C:\MCC18\v3_39\src\pmc_common\Timers\t1write.c
               WriteUSART   0x006b88    program     extern C:\MCC18\v3_39\src\pmc_common\USART\uwrite.c
              _2jContinue   0x006866    program     static C:\MCC18\v3_39\src\traditional\stdclib\memset.asm
              _3jContinue   0x006832    program     static C:\MCC18\v3_39\src\traditional\stdclib\mcpyp2r.asm
                   _3jEnd   0x006870    program     static C:\MCC18\v3_39\src\traditional\stdclib\memset.asm
                   _4jEnd   0x00683c    program     static C:\MCC18\v3_39\src\traditional\stdclib\mcpyp2r.asm
       _D10KTCYXCODE_0010   0x006b6a    program     static C:\MCC18\v3_39\src\traditional\delays\d10ktcyx.asm
       _D10KTCYXCODE_001C   0x006b76    program     static C:\MCC18\v3_39\src\traditional\delays\d10ktcyx.asm
     ___case_100_lbl00299   0x002b52    program     static                          
     ___case_101_lbl00300   0x002b9c    program     static                          
      ___case_13_lbl00024   0x0003cc    program     static                          
       ___case_3_lbl00022   0x00031e    program     static                          
      ___case_48_lbl00295   0x002a2a    program     static                          
      ___case_50_lbl00287   0x0027da    program     static                          
      ___case_51_lbl00288   0x002824    program     static                          
      ___case_52_lbl00289   0x00286e    program     static                          
      ___case_53_lbl00290   0x0028b8    program     static                          
      ___case_54_lbl00291   0x002902    program     static                          
      ___case_55_lbl00292   0x00294c    program     static                          
      ___case_56_lbl00293   0x002996    program     static                          
      ___case_57_lbl00294   0x0029e0    program     static                          
      ___case_65_lbl00309   0x003072    program     static                          
      ___case_66_lbl00310   0x0030a2    program     static                          
      ___case_67_lbl00311   0x0030d2    program     static                          
      ___case_68_lbl00312   0x003102    program     static                          
      ___case_69_lbl00313   0x003132    program     static                          
      ___case_70_lbl00314   0x003162    program     static                          
      ___case_71_lbl00315   0x003192    program     static                          
      ___case_72_lbl00316   0x0031c2    program     static                          
      ___case_73_lbl00317   0x0031f2    program     static                          
      ___case_74_lbl00318   0x003222    program     static                          
      ___case_75_lbl00319   0x003252    program     static                          
      ___case_76_lbl00320   0x003282    program     static                          
      ___case_77_lbl00321   0x0032b2    program     static                          
      ___case_78_lbl00322   0x0032e2    program     static                          
      ___case_79_lbl00323   0x003312    program     static                          
      ___case_80_lbl00324   0x003342    program     static                          
      ___case_97_lbl00296   0x002a74    program     static                          
      ___case_98_lbl00297   0x002abe    program     static                          
      ___case_99_lbl00298   0x002b08    program     static                          
      ___default_lbl00025   0x000490    program     static                          
      ___default_lbl00301   0x002be6    program     static                          
           ___do_lbl00440   0x006174    program     static                          
           ___do_lbl00441   0x00617c    program     static                          
           ___do_lbl00442   0x006166    program     static                          
           ___do_lbl00444   0x0061a0    program     static                          
           ___do_lbl00445   0x0061a8    program     static                          
           ___do_lbl00446   0x006192    program     static                          
         ___else_lbl00019   0x000368    program     static                          
         ___else_lbl00021   0x0003c6    program     static                          
         ___else_lbl00059   0x000898    program     static                          
         ___else_lbl00071   0x000a18    program     static                          
         ___else_lbl00074   0x000918    program     static                          
         ___else_lbl00076   0x000796    program     static                          
         ___else_lbl00091   0x000c10    program     static                          
         ___else_lbl00103   0x000d90    program     static                          
         ___else_lbl00106   0x000c90    program     static                          
         ___else_lbl00121   0x000f88    program     static                          
         ___else_lbl00140   0x0011fc    program     static                          
         ___else_lbl00142   0x00117e    program     static                          
         ___else_lbl00164   0x0014ea    program     static                          
         ___else_lbl00166   0x00146c    program     static                          
         ___else_lbl00168   0x0013ee    program     static                          
         ___else_lbl00202   0x0017c8    program     static                          
         ___else_lbl00204   0x00165c    program     static                          
         ___else_lbl00206   0x00127a    program     static                          
         ___else_lbl00208   0x00100a    program     static                          
         ___else_lbl00210   0x000e12    program     static                          
         ___else_lbl00212   0x000a9a    program     static                          
         ___else_lbl00214   0x000626    program     static                          
         ___else_lbl00244   0x001b12    program     static                          
         ___else_lbl00262   0x001e26    program     static                          
         ___else_lbl00264   0x001c5c    program     static                          
         ___else_lbl00327   0x00343c    program     static                          
         ___else_lbl00330   0x00440a    program     static                          
         ___else_lbl00333   0x00487e    program     static                          
         ___else_lbl00336   0x004918    program     static                          
         ___else_lbl00339   0x0049b2    program     static                          
         ___else_lbl00342   0x004b32    program     static                          
         ___else_lbl00344   0x004af6    program     static                          
         ___else_lbl00346   0x004ca0    program     static                          
         ___else_lbl00349   0x004dbc    program     static                          
         ___else_lbl00354   0x004ed6    program     static                          
         ___else_lbl00356   0x004ec8    program     static                          
         ___else_lbl00358   0x004ebc    program     static                          
         ___else_lbl00361   0x005012    program     static                          
         ___else_lbl00363   0x004ffe    program     static                          
         ___else_lbl00365   0x004fec    program     static                          
         ___else_lbl00368   0x004fda    program     static                          
         ___else_lbl00372   0x005298    program     static                          
         ___else_lbl00374   0x005200    program     static                          
         ___else_lbl00377   0x005504    program     static                          
         ___else_lbl00379   0x00546c    program     static                          
         ___else_lbl00382   0x0056ca    program     static                          
         ___else_lbl00384   0x005632    program     static                          
         ___else_lbl00387   0x005984    program     static                          
         ___else_lbl00389   0x005872    program     static                          
         ___else_lbl00391   0x0053a6    program     static                          
         ___else_lbl00394   0x005b02    program     static                          
         ___else_lbl00397   0x005d9a    program     static                          
         ___else_lbl00399   0x005d4c    program     static                          
         ___else_lbl00401   0x005cfe    program     static                          
         ___else_lbl00403   0x005cb0    program     static                          
         ___else_lbl00405   0x005c62    program     static                          
         ___else_lbl00407   0x005c14    program     static                          
          ___for_lbl00223   0x001ab4    program     static                          
          ___for_lbl00224   0x001ab8    program     static                          
          ___for_lbl00227   0x001a4e    program     static                          
          ___for_lbl00228   0x001b08    program     static                          
          ___for_lbl00229   0x001b0c    program     static                          
          ___for_lbl00230   0x001aba    program     static                          
          ___for_lbl00234   0x001bfc    program     static                          
          ___for_lbl00235   0x001c00    program     static                          
          ___for_lbl00238   0x001b96    program     static                          
          ___for_lbl00239   0x001c52    program     static                          
          ___for_lbl00240   0x001c56    program     static                          
          ___for_lbl00241   0x001c02    program     static                          
          ___for_lbl00252   0x001dc8    program     static                          
          ___for_lbl00253   0x001dcc    program     static                          
          ___for_lbl00256   0x001d62    program     static                          
          ___for_lbl00257   0x001e1c    program     static                          
          ___for_lbl00258   0x001e20    program     static                          
          ___for_lbl00259   0x001dce    program     static                          
          ___for_lbl00271   0x002352    program     static                          
          ___for_lbl00272   0x002358    program     static                          
          ___for_lbl00274   0x002302    program     static                          
          ___for_lbl00276   0x0023de    program     static                          
          ___for_lbl00277   0x0023e2    program     static                          
          ___for_lbl00278   0x0023cc    program     static                          
          ___for_lbl00279   0x0023d2    program     static                          
          ___for_lbl00281   0x002370    program     static                          
          ___for_lbl00283   0x002366    program     static                          
          ___for_lbl00303   0x002d38    program     static                          
          ___for_lbl00304   0x002d3c    program     static                          
          ___for_lbl00306   0x002d02    program     static                          
          ___for_lbl00350   0x005110    program     static                          
          ___for_lbl00351   0x005116    program     static                          
          ___for_lbl00369   0x004e9e    program     static                          
          ___for_lbl00433   0x00614a    program     static                          
          ___for_lbl00434   0x00614e    program     static                          
          ___for_lbl00435   0x006146    program     static                          
          ___for_lbl00436   0x006148    program     static                          
          ___for_lbl00437   0x006144    program     static                          
          ___for_lbl00438   0x006126    program     static                          
           ___if_lbl00001   0x000082    program     static                          
           ___if_lbl00007   0x00013e    program     static                          
           ___if_lbl00012   0x0001c0    program     static                          
           ___if_lbl00013   0x0001da    program     static                          
           ___if_lbl00015   0x000312    program     static                          
           ___if_lbl00017   0x000374    program     static                          
           ___if_lbl00018   0x000374    program     static                          
           ___if_lbl00020   0x0003ca    program     static                          
           ___if_lbl00023   0x00041a    program     static                          
           ___if_lbl00047   0x000794    program     static                          
           ___if_lbl00057   0x000916    program     static                          
           ___if_lbl00058   0x000916    program     static                          
           ___if_lbl00069   0x000a96    program     static                          
           ___if_lbl00070   0x000a96    program     static                          
           ___if_lbl00072   0x000a96    program     static                          
           ___if_lbl00073   0x000a96    program     static                          
           ___if_lbl00075   0x000a96    program     static                          
           ___if_lbl00089   0x000c8e    program     static                          
           ___if_lbl00090   0x000c8e    program     static                          
           ___if_lbl00101   0x000e0e    program     static                          
           ___if_lbl00102   0x000e0e    program     static                          
           ___if_lbl00104   0x000e0e    program     static                          
           ___if_lbl00105   0x000e0e    program     static                          
           ___if_lbl00119   0x001006    program     static                          
           ___if_lbl00120   0x001006    program     static                          
           ___if_lbl00122   0x001006    program     static                          
           ___if_lbl00138   0x001278    program     static                          
           ___if_lbl00139   0x001278    program     static                          
           ___if_lbl00141   0x001278    program     static                          
           ___if_lbl00143   0x001278    program     static                          
           ___if_lbl00162   0x001566    program     static                          
           ___if_lbl00163   0x001566    program     static                          
           ___if_lbl00165   0x001566    program     static                          
           ___if_lbl00167   0x001566    program     static                          
           ___if_lbl00169   0x001566    program     static                          
           ___if_lbl00176   0x00165a    program     static                          
           ___if_lbl00177   0x00165a    program     static                          
           ___if_lbl00187   0x0017c6    program     static                          
           ___if_lbl00188   0x0017c6    program     static                          
           ___if_lbl00198   0x001932    program     static                          
           ___if_lbl00199   0x001932    program     static                          
           ___if_lbl00200   0x001932    program     static                          
           ___if_lbl00201   0x001932    program     static                          
           ___if_lbl00203   0x001932    program     static                          
           ___if_lbl00205   0x001932    program     static                          
           ___if_lbl00207   0x001932    program     static                          
           ___if_lbl00209   0x001932    program     static                          
           ___if_lbl00211   0x001932    program     static                          
           ___if_lbl00213   0x001932    program     static                          
           ___if_lbl00226   0x001ab4    program     static                          
           ___if_lbl00237   0x001bfc    program     static                          
           ___if_lbl00242   0x001c5a    program     static                          
           ___if_lbl00243   0x001c5a    program     static                          
           ___if_lbl00251   0x001d5a    program     static                          
           ___if_lbl00255   0x001dc8    program     static                          
           ___if_lbl00260   0x001e24    program     static                          
           ___if_lbl00261   0x001e2a    program     static                          
           ___if_lbl00263   0x001e2a    program     static                          
           ___if_lbl00273   0x002352    program     static                          
           ___if_lbl00275   0x002364    program     static                          
           ___if_lbl00280   0x0023cc    program     static                          
           ___if_lbl00282   0x0023de    program     static                          
           ___if_lbl00285   0x0024a6    program     static                          
           ___if_lbl00305   0x002d38    program     static                          
           ___if_lbl00307   0x002d54    program     static                          
           ___if_lbl00326   0x003440    program     static                          
           ___if_lbl00328   0x004752    program     static                          
           ___if_lbl00329   0x004752    program     static                          
           ___if_lbl00331   0x0048ca    program     static                          
           ___if_lbl00332   0x0048ca    program     static                          
           ___if_lbl00334   0x004964    program     static                          
           ___if_lbl00335   0x004964    program     static                          
           ___if_lbl00337   0x0049fe    program     static                          
           ___if_lbl00338   0x0049fe    program     static                          
           ___if_lbl00340   0x004b6c    program     static                          
           ___if_lbl00341   0x004b6c    program     static                          
           ___if_lbl00343   0x004be0    program     static                          
           ___if_lbl00345   0x004d14    program     static                          
           ___if_lbl00347   0x004df6    program     static                          
           ___if_lbl00348   0x004df6    program     static                          
           ___if_lbl00352   0x004ee2    program     static                          
           ___if_lbl00353   0x004ee2    program     static                          
           ___if_lbl00355   0x004ee2    program     static                          
           ___if_lbl00357   0x004ee2    program     static                          
           ___if_lbl00359   0x005024    program     static                          
           ___if_lbl00360   0x005024    program     static                          
           ___if_lbl00362   0x005024    program     static                          
           ___if_lbl00364   0x005024    program     static                          
           ___if_lbl00366   0x00508c    program     static                          
           ___if_lbl00367   0x005110    program     static                          
           ___if_lbl00370   0x00532c    program     static                          
           ___if_lbl00371   0x00532c    program     static                          
           ___if_lbl00373   0x00532c    program     static                          
           ___if_lbl00375   0x00559a    program     static                          
           ___if_lbl00376   0x00559a    program     static                          
           ___if_lbl00378   0x00559a    program     static                          
           ___if_lbl00380   0x005760    program     static                          
           ___if_lbl00381   0x005760    program     static                          
           ___if_lbl00383   0x005760    program     static                          
           ___if_lbl00385   0x005a94    program     static                          
           ___if_lbl00386   0x005a94    program     static                          
           ___if_lbl00388   0x005a94    program     static                          
           ___if_lbl00390   0x005a94    program     static                          
           ___if_lbl00392   0x005b3e    program     static                          
           ___if_lbl00393   0x005b3e    program     static                          
           ___if_lbl00395   0x005de6    program     static                          
           ___if_lbl00396   0x005de6    program     static                          
           ___if_lbl00398   0x005de6    program     static                          
           ___if_lbl00400   0x005de6    program     static                          
           ___if_lbl00402   0x005de6    program     static                          
           ___if_lbl00404   0x005de6    program     static                          
           ___if_lbl00406   0x005e00    program     static                          
       ___return_lbl00000   0x0001e4    program     static                          
       ___return_lbl00000   0x00000c    program     static                          
       ___return_lbl00000   0x000004    program     static                          
       ___return_lbl00000   0x006c0c    program     static                          
       ___return_lbl00001   0x00001c    program     static                          
       ___return_lbl00001   0x006bf0    program     static                          
       ___return_lbl00002   0x006a2e    program     static                          
       ___return_lbl00006   0x00679e    program     static                          
       ___return_lbl00014   0x000496    program     static                          
       ___return_lbl00026   0x001938    program     static                          
       ___return_lbl00215   0x001e2a    program     static                          
       ___return_lbl00270   0x0023e6    program     static                          
       ___return_lbl00284   0x002c7a    program     static                          
       ___return_lbl00302   0x0033bc    program     static                          
       ___return_lbl00325   0x005e1a    program     static                          
       ___return_lbl00432   0x006150    program     static                          
       ___return_lbl00439   0x00617c    program     static                          
       ___return_lbl00443   0x0061a8    program     static                          
   ___switchexit_lbl00016   0x000494    program     static                          
   ___switchexit_lbl00286   0x002c30    program     static                          
   ___switchexit_lbl00308   0x003372    program     static                          
               __config_0   0x300001    program     static L:\0-company\power\5-program\IDP-E-24V\00-new\S46K20-20131009\main.c
               __config_1   0x300002    program     static L:\0-company\power\5-program\IDP-E-24V\00-new\S46K20-20131009\main.c
              __config_10   0x30000d    program     static L:\0-company\power\5-program\IDP-E-24V\00-new\S46K20-20131009\main.c
               __config_2   0x300003    program     static L:\0-company\power\5-program\IDP-E-24V\00-new\S46K20-20131009\main.c
               __config_3   0x300005    program     static L:\0-company\power\5-program\IDP-E-24V\00-new\S46K20-20131009\main.c
               __config_4   0x300006    program     static L:\0-company\power\5-program\IDP-E-24V\00-new\S46K20-20131009\main.c
               __config_5   0x300008    program     static L:\0-company\power\5-program\IDP-E-24V\00-new\S46K20-20131009\main.c
               __config_6   0x300009    program     static L:\0-company\power\5-program\IDP-E-24V\00-new\S46K20-20131009\main.c
               __config_7   0x30000a    program     static L:\0-company\power\5-program\IDP-E-24V\00-new\S46K20-20131009\main.c
               __config_8   0x30000b    program     static L:\0-company\power\5-program\IDP-E-24V\00-new\S46K20-20131009\main.c
               __config_9   0x30000c    program     static L:\0-company\power\5-program\IDP-E-24V\00-new\S46K20-20131009\main.c
                   __init   0x00000e    program     extern C:\MCC18\v3_39\src\traditional\stdclib\__init.c
               __string_0   0x00664b    program     static L:\0-company\power\5-program\IDP-E-24V\00-new\S46K20-20131009\gsm.c
               __string_1   0x00662c    program     static L:\0-company\power\5-program\IDP-E-24V\00-new\S46K20-20131009\gsm.c
              __string_10   0x0065db    program     static L:\0-company\power\5-program\IDP-E-24V\00-new\S46K20-20131009\gsm.c
              __string_11   0x0065d2    program     static L:\0-company\power\5-program\IDP-E-24V\00-new\S46K20-20131009\gsm.c
              __string_12   0x0065c7    program     static L:\0-company\power\5-program\IDP-E-24V\00-new\S46K20-20131009\gsm.c
              __string_13   0x0065bc    program     static L:\0-company\power\5-program\IDP-E-24V\00-new\S46K20-20131009\gsm.c
              __string_14   0x0065b3    program     static L:\0-company\power\5-program\IDP-E-24V\00-new\S46K20-20131009\gsm.c
              __string_15   0x0065aa    program     static L:\0-company\power\5-program\IDP-E-24V\00-new\S46K20-20131009\gsm.c
              __string_16   0x00659e    program     static L:\0-company\power\5-program\IDP-E-24V\00-new\S46K20-20131009\gsm.c
              __string_17   0x00657f    program     static L:\0-company\power\5-program\IDP-E-24V\00-new\S46K20-20131009\gsm.c
              __string_18   0x006572    program     static L:\0-company\power\5-program\IDP-E-24V\00-new\S46K20-20131009\gsm.c
              __string_19   0x006565    program     static L:\0-company\power\5-program\IDP-E-24V\00-new\S46K20-20131009\gsm.c
               __string_2   0x006623    program     static L:\0-company\power\5-program\IDP-E-24V\00-new\S46K20-20131009\gsm.c
              __string_20   0x006558    program     static L:\0-company\power\5-program\IDP-E-24V\00-new\S46K20-20131009\gsm.c
              __string_21   0x00654b    program     static L:\0-company\power\5-program\IDP-E-24V\00-new\S46K20-20131009\gsm.c
              __string_22   0x00653e    program     static L:\0-company\power\5-program\IDP-E-24V\00-new\S46K20-20131009\gsm.c
              __string_23   0x006531    program     static L:\0-company\power\5-program\IDP-E-24V\00-new\S46K20-20131009\gsm.c
              __string_24   0x006524    program     static L:\0-company\power\5-program\IDP-E-24V\00-new\S46K20-20131009\gsm.c
              __string_25   0x006517    program     static L:\0-company\power\5-program\IDP-E-24V\00-new\S46K20-20131009\gsm.c
              __string_26   0x00650a    program     static L:\0-company\power\5-program\IDP-E-24V\00-new\S46K20-20131009\gsm.c
              __string_27   0x0064fd    program     static L:\0-company\power\5-program\IDP-E-24V\00-new\S46K20-20131009\gsm.c
              __string_28   0x0064f0    program     static L:\0-company\power\5-program\IDP-E-24V\00-new\S46K20-20131009\gsm.c
              __string_29   0x0064e3    program     static L:\0-company\power\5-program\IDP-E-24V\00-new\S46K20-20131009\gsm.c
               __string_3   0x00661a    program     static L:\0-company\power\5-program\IDP-E-24V\00-new\S46K20-20131009\gsm.c
              __string_30   0x0064d6    program     static L:\0-company\power\5-program\IDP-E-24V\00-new\S46K20-20131009\gsm.c
              __string_31   0x0064c9    program     static L:\0-company\power\5-program\IDP-E-24V\00-new\S46K20-20131009\gsm.c
              __string_32   0x0064bc    program     static L:\0-company\power\5-program\IDP-E-24V\00-new\S46K20-20131009\gsm.c
              __string_33   0x0064af    program     static L:\0-company\power\5-program\IDP-E-24V\00-new\S46K20-20131009\gsm.c
              __string_34   0x0064a2    program     static L:\0-company\power\5-program\IDP-E-24V\00-new\S46K20-20131009\gsm.c
              __string_35   0x006495    program     static L:\0-company\power\5-program\IDP-E-24V\00-new\S46K20-20131009\gsm.c
              __string_36   0x006480    program     static L:\0-company\power\5-program\IDP-E-24V\00-new\S46K20-20131009\gsm.c
              __string_37   0x00646b    program     static L:\0-company\power\5-program\IDP-E-24V\00-new\S46K20-20131009\gsm.c
              __string_38   0x006452    program     static L:\0-company\power\5-program\IDP-E-24V\00-new\S46K20-20131009\gsm.c
              __string_39   0x006425    program     static L:\0-company\power\5-program\IDP-E-24V\00-new\S46K20-20131009\gsm.c
               __string_4   0x006611    program     static L:\0-company\power\5-program\IDP-E-24V\00-new\S46K20-20131009\gsm.c
              __string_40   0x0063f8    program     static L:\0-company\power\5-program\IDP-E-24V\00-new\S46K20-20131009\gsm.c
              __string_41   0x0063c7    program     static L:\0-company\power\5-program\IDP-E-24V\00-new\S46K20-20131009\gsm.c
              __string_42   0x006396    program     static L:\0-company\power\5-program\IDP-E-24V\00-new\S46K20-20131009\gsm.c
              __string_43   0x006379    program     static L:\0-company\power\5-program\IDP-E-24V\00-new\S46K20-20131009\gsm.c
              __string_44   0x00636c    program     static L:\0-company\power\5-program\IDP-E-24V\00-new\S46K20-20131009\gsm.c
              __string_45   0x006357    program     static L:\0-company\power\5-program\IDP-E-24V\00-new\S46K20-20131009\gsm.c
              __string_46   0x00634a    program     static L:\0-company\power\5-program\IDP-E-24V\00-new\S46K20-20131009\gsm.c
              __string_47   0x006335    program     static L:\0-company\power\5-program\IDP-E-24V\00-new\S46K20-20131009\gsm.c
              __string_48   0x006320    program     static L:\0-company\power\5-program\IDP-E-24V\00-new\S46K20-20131009\gsm.c
              __string_49   0x00630f    program     static L:\0-company\power\5-program\IDP-E-24V\00-new\S46K20-20131009\gsm.c
               __string_5   0x006608    program     static L:\0-company\power\5-program\IDP-E-24V\00-new\S46K20-20131009\gsm.c
              __string_50   0x0062fe    program     static L:\0-company\power\5-program\IDP-E-24V\00-new\S46K20-20131009\gsm.c
              __string_51   0x0062ed    program     static L:\0-company\power\5-program\IDP-E-24V\00-new\S46K20-20131009\gsm.c
              __string_52   0x0062dc    program     static L:\0-company\power\5-program\IDP-E-24V\00-new\S46K20-20131009\gsm.c
              __string_53   0x0062cb    program     static L:\0-company\power\5-program\IDP-E-24V\00-new\S46K20-20131009\gsm.c
              __string_54   0x0062ba    program     static L:\0-company\power\5-program\IDP-E-24V\00-new\S46K20-20131009\gsm.c
              __string_55   0x0062a1    program     static L:\0-company\power\5-program\IDP-E-24V\00-new\S46K20-20131009\gsm.c
              __string_56   0x006290    program     static L:\0-company\power\5-program\IDP-E-24V\00-new\S46K20-20131009\gsm.c
              __string_57   0x006277    program     static L:\0-company\power\5-program\IDP-E-24V\00-new\S46K20-20131009\gsm.c
              __string_58   0x006232    program     static L:\0-company\power\5-program\IDP-E-24V\00-new\S46K20-20131009\gsm.c
              __string_59   0x006215    program     static L:\0-company\power\5-program\IDP-E-24V\00-new\S46K20-20131009\gsm.c
               __string_6   0x0065ff    program     static L:\0-company\power\5-program\IDP-E-24V\00-new\S46K20-20131009\gsm.c
              __string_60   0x0061f8    program     static L:\0-company\power\5-program\IDP-E-24V\00-new\S46K20-20131009\gsm.c
              __string_61   0x0061e7    program     static L:\0-company\power\5-program\IDP-E-24V\00-new\S46K20-20131009\gsm.c
              __string_62   0x0061dd    program     static L:\0-company\power\5-program\IDP-E-24V\00-new\S46K20-20131009\gsm.c
              __string_63   0x0061d4    program     static L:\0-company\power\5-program\IDP-E-24V\00-new\S46K20-20131009\gsm.c
              __string_64   0x0061cb    program     static L:\0-company\power\5-program\IDP-E-24V\00-new\S46K20-20131009\gsm.c
              __string_65   0x0061c2    program     static L:\0-company\power\5-program\IDP-E-24V\00-new\S46K20-20131009\gsm.c
               __string_7   0x0065f6    program     static L:\0-company\power\5-program\IDP-E-24V\00-new\S46K20-20131009\gsm.c
               __string_8   0x0065ed    program     static L:\0-company\power\5-program\IDP-E-24V\00-new\S46K20-20131009\gsm.c
               __string_9   0x0065e4    program     static L:\0-company\power\5-program\IDP-E-24V\00-new\S46K20-20131009\gsm.c
               __tmplbl_0   0x000122    program     static                          
               __tmplbl_1   0x000104    program     static                          
              __tmplbl_10   0x000150    program     static                          
             __tmplbl_100   0x000fe2    program     static                          
             __tmplbl_101   0x000fc4    program     static                          
             __tmplbl_102   0x000fa6    program     static                          
             __tmplbl_103   0x00107e    program     static                          
             __tmplbl_104   0x00105e    program     static                          
             __tmplbl_105   0x00103e    program     static                          
             __tmplbl_106   0x00101e    program     static                          
             __tmplbl_107   0x001100    program     static                          
             __tmplbl_108   0x0010e0    program     static                          
             __tmplbl_109   0x0010c0    program     static                          
              __tmplbl_11   0x00061a    program     static                          
             __tmplbl_110   0x0010a0    program     static                          
             __tmplbl_111   0x001178    program     static                          
             __tmplbl_112   0x00115a    program     static                          
             __tmplbl_113   0x00113c    program     static                          
             __tmplbl_114   0x00111e    program     static                          
             __tmplbl_115   0x0011f6    program     static                          
             __tmplbl_116   0x0011d8    program     static                          
             __tmplbl_117   0x0011ba    program     static                          
             __tmplbl_118   0x00119c    program     static                          
             __tmplbl_119   0x001274    program     static                          
              __tmplbl_12   0x0005fc    program     static                          
             __tmplbl_120   0x001256    program     static                          
             __tmplbl_121   0x001238    program     static                          
             __tmplbl_122   0x00121a    program     static                          
             __tmplbl_123   0x0012ee    program     static                          
             __tmplbl_124   0x0012ce    program     static                          
             __tmplbl_125   0x0012ae    program     static                          
             __tmplbl_126   0x00128e    program     static                          
             __tmplbl_127   0x001370    program     static                          
             __tmplbl_128   0x001350    program     static                          
             __tmplbl_129   0x001330    program     static                          
              __tmplbl_13   0x0005de    program     static                          
             __tmplbl_130   0x001310    program     static                          
             __tmplbl_131   0x0013e8    program     static                          
             __tmplbl_132   0x0013ca    program     static                          
             __tmplbl_133   0x0013ac    program     static                          
             __tmplbl_134   0x00138e    program     static                          
             __tmplbl_135   0x001466    program     static                          
             __tmplbl_136   0x001448    program     static                          
             __tmplbl_137   0x00142a    program     static                          
             __tmplbl_138   0x00140c    program     static                          
             __tmplbl_139   0x0014e4    program     static                          
              __tmplbl_14   0x0005c0    program     static                          
             __tmplbl_140   0x0014c6    program     static                          
             __tmplbl_141   0x0014a8    program     static                          
             __tmplbl_142   0x00148a    program     static                          
             __tmplbl_143   0x001562    program     static                          
             __tmplbl_144   0x001544    program     static                          
             __tmplbl_145   0x001526    program     static                          
             __tmplbl_146   0x001508    program     static                          
             __tmplbl_147   0x0015de    program     static                          
             __tmplbl_148   0x0015c0    program     static                          
             __tmplbl_149   0x0015a2    program     static                          
              __tmplbl_15   0x0005a2    program     static                          
             __tmplbl_150   0x001584    program     static                          
             __tmplbl_151   0x001656    program     static                          
             __tmplbl_152   0x001638    program     static                          
             __tmplbl_153   0x00161a    program     static                          
             __tmplbl_154   0x0015fc    program     static                          
             __tmplbl_155   0x0016d0    program     static                          
             __tmplbl_156   0x0016b0    program     static                          
             __tmplbl_157   0x001690    program     static                          
             __tmplbl_158   0x001670    program     static                          
             __tmplbl_159   0x00174a    program     static                          
              __tmplbl_16   0x000584    program     static                          
             __tmplbl_160   0x00172c    program     static                          
             __tmplbl_161   0x00170e    program     static                          
             __tmplbl_162   0x0016f0    program     static                          
             __tmplbl_163   0x0017c2    program     static                          
             __tmplbl_164   0x0017a4    program     static                          
             __tmplbl_165   0x001786    program     static                          
             __tmplbl_166   0x001768    program     static                          
             __tmplbl_167   0x00183c    program     static                          
             __tmplbl_168   0x00181c    program     static                          
             __tmplbl_169   0x0017fc    program     static                          
              __tmplbl_17   0x000566    program     static                          
             __tmplbl_170   0x0017dc    program     static                          
             __tmplbl_171   0x0018b6    program     static                          
             __tmplbl_172   0x001898    program     static                          
             __tmplbl_173   0x00187a    program     static                          
             __tmplbl_174   0x00185c    program     static                          
             __tmplbl_175   0x00192e    program     static                          
             __tmplbl_176   0x001910    program     static                          
             __tmplbl_177   0x0018f2    program     static                          
             __tmplbl_178   0x0018d4    program     static                          
             __tmplbl_179   0x0019ca    program     static                          
              __tmplbl_18   0x000548    program     static                          
             __tmplbl_180   0x0019c2    program     static                          
             __tmplbl_181   0x0019a2    program     static                          
             __tmplbl_182   0x001982    program     static                          
             __tmplbl_183   0x001962    program     static                          
             __tmplbl_184   0x001a46    program     static                          
             __tmplbl_185   0x001a28    program     static                          
             __tmplbl_186   0x001a0a    program     static                          
             __tmplbl_187   0x0019ea    program     static                          
             __tmplbl_188   0x001ab0    program     static                          
             __tmplbl_189   0x001a84    program     static                          
              __tmplbl_19   0x00052a    program     static                          
             __tmplbl_190   0x001b8e    program     static                          
             __tmplbl_191   0x001b70    program     static                          
             __tmplbl_192   0x001b52    program     static                          
             __tmplbl_193   0x001b32    program     static                          
             __tmplbl_194   0x001bf8    program     static                          
             __tmplbl_195   0x001bcc    program     static                          
             __tmplbl_196   0x001cd0    program     static                          
             __tmplbl_197   0x001cb0    program     static                          
             __tmplbl_198   0x001c90    program     static                          
             __tmplbl_199   0x001c70    program     static                          
               __tmplbl_2   0x0000e6    program     static                          
              __tmplbl_20   0x00050a    program     static                          
             __tmplbl_200   0x001d4e    program     static                          
             __tmplbl_201   0x001d30    program     static                          
             __tmplbl_202   0x001d10    program     static                          
             __tmplbl_203   0x001cf0    program     static                          
             __tmplbl_204   0x001dc4    program     static                          
             __tmplbl_205   0x001d98    program     static                          
              __tmplbl_21   0x0004ea    program     static                          
              __tmplbl_22   0x0004ca    program     static                          
              __tmplbl_23   0x00069a    program     static                          
              __tmplbl_24   0x00067a    program     static                          
              __tmplbl_25   0x00065a    program     static                          
              __tmplbl_26   0x00063a    program     static                          
              __tmplbl_27   0x000714    program     static                          
              __tmplbl_28   0x0006f6    program     static                          
              __tmplbl_29   0x0006d8    program     static                          
               __tmplbl_3   0x0000c8    program     static                          
              __tmplbl_30   0x0006ba    program     static                          
              __tmplbl_31   0x00078c    program     static                          
              __tmplbl_32   0x00076e    program     static                          
              __tmplbl_33   0x000750    program     static                          
              __tmplbl_34   0x000732    program     static                          
              __tmplbl_35   0x000816    program     static                          
              __tmplbl_36   0x0007f6    program     static                          
              __tmplbl_37   0x0007d6    program     static                          
              __tmplbl_38   0x0007b6    program     static                          
              __tmplbl_39   0x00088e    program     static                          
               __tmplbl_4   0x0000aa    program     static                          
              __tmplbl_40   0x000870    program     static                          
              __tmplbl_41   0x000852    program     static                          
              __tmplbl_42   0x000834    program     static                          
              __tmplbl_43   0x000910    program     static                          
              __tmplbl_44   0x0008f2    program     static                          
              __tmplbl_45   0x0008d4    program     static                          
              __tmplbl_46   0x0008b6    program     static                          
              __tmplbl_47   0x000998    program     static                          
              __tmplbl_48   0x000978    program     static                          
              __tmplbl_49   0x000958    program     static                          
               __tmplbl_5   0x00008a    program     static                          
              __tmplbl_50   0x000938    program     static                          
              __tmplbl_51   0x000a10    program     static                          
              __tmplbl_52   0x0009f2    program     static                          
              __tmplbl_53   0x0009d4    program     static                          
              __tmplbl_54   0x0009b6    program     static                          
              __tmplbl_55   0x000a90    program     static                          
              __tmplbl_56   0x000a72    program     static                          
              __tmplbl_57   0x000a54    program     static                          
              __tmplbl_58   0x000a36    program     static                          
              __tmplbl_59   0x000b0e    program     static                          
               __tmplbl_6   0x0001ba    program     static                          
              __tmplbl_60   0x000aee    program     static                          
              __tmplbl_61   0x000ace    program     static                          
              __tmplbl_62   0x000aae    program     static                          
              __tmplbl_63   0x000b90    program     static                          
              __tmplbl_64   0x000b70    program     static                          
              __tmplbl_65   0x000b50    program     static                          
              __tmplbl_66   0x000b30    program     static                          
              __tmplbl_67   0x000c08    program     static                          
              __tmplbl_68   0x000bea    program     static                          
              __tmplbl_69   0x000bcc    program     static                          
               __tmplbl_7   0x0001b2    program     static                          
              __tmplbl_70   0x000bae    program     static                          
              __tmplbl_71   0x000c88    program     static                          
              __tmplbl_72   0x000c6a    program     static                          
              __tmplbl_73   0x000c4c    program     static                          
              __tmplbl_74   0x000c2e    program     static                          
              __tmplbl_75   0x000d10    program     static                          
              __tmplbl_76   0x000cf0    program     static                          
              __tmplbl_77   0x000cd0    program     static                          
              __tmplbl_78   0x000cb0    program     static                          
              __tmplbl_79   0x000d88    program     static                          
               __tmplbl_8   0x000192    program     static                          
              __tmplbl_80   0x000d6a    program     static                          
              __tmplbl_81   0x000d4c    program     static                          
              __tmplbl_82   0x000d2e    program     static                          
              __tmplbl_83   0x000e08    program     static                          
              __tmplbl_84   0x000dea    program     static                          
              __tmplbl_85   0x000dcc    program     static                          
              __tmplbl_86   0x000dae    program     static                          
              __tmplbl_87   0x000e86    program     static                          
              __tmplbl_88   0x000e66    program     static                          
              __tmplbl_89   0x000e46    program     static                          
               __tmplbl_9   0x000172    program     static                          
              __tmplbl_90   0x000e26    program     static                          
              __tmplbl_91   0x000f08    program     static                          
              __tmplbl_92   0x000ee8    program     static                          
              __tmplbl_93   0x000ec8    program     static                          
              __tmplbl_94   0x000ea8    program     static                          
              __tmplbl_95   0x000f80    program     static                          
              __tmplbl_96   0x000f62    program     static                          
              __tmplbl_97   0x000f44    program     static                          
              __tmplbl_98   0x000f26    program     static                          
              __tmplbl_99   0x001000    program     static                          
            __zero_memory   0x006bb6    program     extern C:\MCC18\v3_39\src\traditional\proc\p18F46K20.asm
                _do_cinit   0x006992    program     extern C:\MCC18\v3_39\src\traditional\startup\c018i.c
                   _entry   0x000000    program     extern C:\MCC18\v3_39\src\traditional\startup\c018i.c
                 _startup   0x006bd6    program     extern C:\MCC18\v3_39\src\traditional\startup\c018i.c
                compare_l   0x006bcc    program     static C:\MCC18\v3_39\src\traditional\proc\p18F46K20.asm
                copy_loop   0x006a04    program     static                          
            copy_one_byte   0x006a0a    program     static                          
                     done   0x006a2e    program     static                          
             done_copying   0x006a18    program     static                          
                  endloop   0x006c08    program     static                          
                   gsmAna   0x0001ec    program     extern L:\0-company\power\5-program\IDP-E-24V\00-new\S46K20-20131009\gsm.c
                 gsmCheck   0x0061b2    program     extern L:\0-company\power\5-program\IDP-E-24V\00-new\S46K20-20131009\gsm.c
                  gsmData   0x0033c6    program     extern L:\0-company\power\5-program\IDP-E-24V\00-new\S46K20-20131009\gsm.c
                    gsmOC   0x0004ae    program     extern L:\0-company\power\5-program\IDP-E-24V\00-new\S46K20-20131009\gsm.c
                    gsmPA   0x001e42    program     extern L:\0-company\power\5-program\IDP-E-24V\00-new\S46K20-20131009\gsm.c
                 gsmPhone   0x001940    program     extern L:\0-company\power\5-program\IDP-E-24V\00-new\S46K20-20131009\gsm.c
              gsmPhoneCon   0x00203c    program     extern L:\0-company\power\5-program\IDP-E-24V\00-new\S46K20-20131009\gsm.c
                   gsmRec   0x00001e    program     extern L:\0-company\power\5-program\IDP-E-24V\00-new\S46K20-20131009\gsm.c
                  initMCU   0x0067fe    program     extern L:\0-company\power\5-program\IDP-E-24V\00-new\S46K20-20131009\init.c
                     jEnd   0x0068d8    program     static C:\MCC18\v3_39\src\traditional\stdclib\strchr.asm
                     jEnd   0x0068b0    program     static C:\MCC18\v3_39\src\traditional\stdclib\scatp2r.asm
                     jEnd   0x006878    program     static C:\MCC18\v3_39\src\traditional\stdclib\memset.asm
                     jEnd   0x006844    program     static C:\MCC18\v3_39\src\traditional\stdclib\mcpyp2r.asm
                    jLoop   0x006826    program     static C:\MCC18\v3_39\src\traditional\stdclib\mcpyp2r.asm
                    jLoop   0x0068be    program     static C:\MCC18\v3_39\src\traditional\stdclib\strchr.asm
                    jLoop   0x0068a6    program     static C:\MCC18\v3_39\src\traditional\stdclib\scatp2r.asm
                    jLoop   0x00685a    program     static C:\MCC18\v3_39\src\traditional\stdclib\memset.asm
                   jMatch   0x0068d0    program     static C:\MCC18\v3_39\src\traditional\stdclib\strchr.asm
                jNullLoop   0x0068a0    program     static C:\MCC18\v3_39\src\traditional\stdclib\scatp2r.asm
               lenConvert   0x005f4a    program     extern L:\0-company\power\5-program\IDP-E-24V\00-new\S46K20-20131009\gsm.c
                     loop   0x006be6    program     static                          
                     loop   0x006bfa    program     static                          
                   loop_h   0x006bc4    program     static C:\MCC18\v3_39\src\traditional\proc\p18F46K20.asm
                   loop_l   0x006bce    program     static C:\MCC18\v3_39\src\traditional\proc\p18F46K20.asm
                     main   0x00698e    program     extern L:\0-company\power\5-program\IDP-E-24V\00-new\S46K20-20131009\main.c
            memcpypgm2ram   0x006800    program     extern C:\MCC18\v3_39\src\traditional\stdclib\mcpyp2r.asm
                   memset   0x006846    program     extern C:\MCC18\v3_39\src\traditional\stdclib\memset.asm
              phoneNumWoR   0x005e32    program     extern L:\0-company\power\5-program\IDP-E-24V\00-new\S46K20-20131009\gsm.c
               putrsUSART   0x006a30    program     extern C:\MCC18\v3_39\src\pmc_common\USART\uputrs.c
                putsUSART   0x006a94    program     extern C:\MCC18\v3_39\src\pmc_common\USART\uputs.c
            strcatpgm2ram   0x00687a    program     extern C:\MCC18\v3_39\src\traditional\stdclib\scatp2r.asm
                   strchr   0x0068b2    program     extern C:\MCC18\v3_39\src\traditional\stdclib\strchr.asm
                     test   0x0069ac    program     static                          
            usartSendData   0x00611a    program     extern L:\0-company\power\5-program\IDP-E-24V\00-new\S46K20-20131009\gsm.c
               zero_block   0x006bc4    program     static C:\MCC18\v3_39\src\traditional\proc\p18F46K20.asm
                   ADCON0   0x000fc2       data     extern C:\MCC18\v3_39\src\traditional\proc\p18F46K20.asm
               ADCON0bits   0x000fc2       data     extern C:\MCC18\v3_39\src\traditional\proc\p18F46K20.asm
                   ADCON1   0x000fc1       data     extern C:\MCC18\v3_39\src\traditional\proc\p18F46K20.asm
               ADCON1bits   0x000fc1       data     extern C:\MCC18\v3_39\src\traditional\proc\p18F46K20.asm
                   ADCON2   0x000fc0       data     extern C:\MCC18\v3_39\src\traditional\proc\p18F46K20.asm
               ADCON2bits   0x000fc0       data     extern C:\MCC18\v3_39\src\traditional\proc\p18F46K20.asm
                    ADRES   0x000fc3       data     extern C:\MCC18\v3_39\src\traditional\proc\p18F46K20.asm
                   ADRESH   0x000fc4       data     extern C:\MCC18\v3_39\src\traditional\proc\p18F46K20.asm
                   ADRESL   0x000fc3       data     extern C:\MCC18\v3_39\src\traditional\proc\p18F46K20.asm
                    ANSEL   0x000f7e       data     extern C:\MCC18\v3_39\src\traditional\proc\p18F46K20.asm
                   ANSELH   0x000f7f       data     extern C:\MCC18\v3_39\src\traditional\proc\p18F46K20.asm
               ANSELHbits   0x000f7f       data     extern C:\MCC18\v3_39\src\traditional\proc\p18F46K20.asm
                ANSELbits   0x000f7e       data     extern C:\MCC18\v3_39\src\traditional\proc\p18F46K20.asm
                  BAUDCON   0x000fb8       data     extern C:\MCC18\v3_39\src\traditional\proc\p18F46K20.asm
              BAUDCONbits   0x000fb8       data     extern C:\MCC18\v3_39\src\traditional\proc\p18F46K20.asm
                  BAUDCTL   0x000fb8       data     extern C:\MCC18\v3_39\src\traditional\proc\p18F46K20.asm
              BAUDCTLbits   0x000fb8       data     extern C:\MCC18\v3_39\src\traditional\proc\p18F46K20.asm
                      BSR   0x000fe0       data     extern C:\MCC18\v3_39\src\traditional\proc\p18F46K20.asm
                  CCP1CON   0x000fbd       data     extern C:\MCC18\v3_39\src\traditional\proc\p18F46K20.asm
              CCP1CONbits   0x000fbd       data     extern C:\MCC18\v3_39\src\traditional\proc\p18F46K20.asm
                  CCP2CON   0x000fba       data     extern C:\MCC18\v3_39\src\traditional\proc\p18F46K20.asm
              CCP2CONbits   0x000fba       data     extern C:\MCC18\v3_39\src\traditional\proc\p18F46K20.asm
                    CCPR1   0x000fbe       data     extern C:\MCC18\v3_39\src\traditional\proc\p18F46K20.asm
                   CCPR1H   0x000fbf       data     extern C:\MCC18\v3_39\src\traditional\proc\p18F46K20.asm
                   CCPR1L   0x000fbe       data     extern C:\MCC18\v3_39\src\traditional\proc\p18F46K20.asm
                    CCPR2   0x000fbb       data     extern C:\MCC18\v3_39\src\traditional\proc\p18F46K20.asm
                   CCPR2H   0x000fbc       data     extern C:\MCC18\v3_39\src\traditional\proc\p18F46K20.asm
                   CCPR2L   0x000fbb       data     extern C:\MCC18\v3_39\src\traditional\proc\p18F46K20.asm
                  CM1CON0   0x000f7b       data     extern C:\MCC18\v3_39\src\traditional\proc\p18F46K20.asm
              CM1CON0bits   0x000f7b       data     extern C:\MCC18\v3_39\src\traditional\proc\p18F46K20.asm
                  CM2CON0   0x000f7a       data     extern C:\MCC18\v3_39\src\traditional\proc\p18F46K20.asm
              CM2CON0bits   0x000f7a       data     extern C:\MCC18\v3_39\src\traditional\proc\p18F46K20.asm
                  CM2CON1   0x000f79       data     extern C:\MCC18\v3_39\src\traditional\proc\p18F46K20.asm
              CM2CON1bits   0x000f79       data     extern C:\MCC18\v3_39\src\traditional\proc\p18F46K20.asm
                   CVRCON   0x000fb5       data     extern C:\MCC18\v3_39\src\traditional\proc\p18F46K20.asm
                  CVRCON2   0x000fb4       data     extern C:\MCC18\v3_39\src\traditional\proc\p18F46K20.asm
              CVRCON2bits   0x000fb4       data     extern C:\MCC18\v3_39\src\traditional\proc\p18F46K20.asm
               CVRCONbits   0x000fb5       data     extern C:\MCC18\v3_39\src\traditional\proc\p18F46K20.asm
                     DDRA   0x000f92       data     extern C:\MCC18\v3_39\src\traditional\proc\p18F46K20.asm
                 DDRAbits   0x000f92       data     extern C:\MCC18\v3_39\src\traditional\proc\p18F46K20.asm
                     DDRB   0x000f93       data     extern C:\MCC18\v3_39\src\traditional\proc\p18F46K20.asm
                 DDRBbits   0x000f93       data     extern C:\MCC18\v3_39\src\traditional\proc\p18F46K20.asm
                     DDRC   0x000f94       data     extern C:\MCC18\v3_39\src\traditional\proc\p18F46K20.asm
                 DDRCbits   0x000f94       data     extern C:\MCC18\v3_39\src\traditional\proc\p18F46K20.asm
                     DDRD   0x000f95       data     extern C:\MCC18\v3_39\src\traditional\proc\p18F46K20.asm
                 DDRDbits   0x000f95       data     extern C:\MCC18\v3_39\src\traditional\proc\p18F46K20.asm
                     DDRE   0x000f96       data     extern C:\MCC18\v3_39\src\traditional\proc\p18F46K20.asm
                 DDREbits   0x000f96       data     extern C:\MCC18\v3_39\src\traditional\proc\p18F46K20.asm
            DelayCounter1   0x000017       data     extern C:\MCC18\v3_39\src\traditional\delays\delayd1.asm
            DelayCounter2   0x000016       data     extern C:\MCC18\v3_39\src\traditional\delays\delayd2.asm
                  ECCP1AS   0x000fb6       data     extern C:\MCC18\v3_39\src\traditional\proc\p18F46K20.asm
              ECCP1ASbits   0x000fb6       data     extern C:\MCC18\v3_39\src\traditional\proc\p18F46K20.asm
                    EEADR   0x000fa9       data     extern C:\MCC18\v3_39\src\traditional\proc\p18F46K20.asm
                   EEADRH   0x000faa       data     extern C:\MCC18\v3_39\src\traditional\proc\p18F46K20.asm
               EEADRHbits   0x000faa       data     extern C:\MCC18\v3_39\src\traditional\proc\p18F46K20.asm
                EEADRbits   0x000fa9       data     extern C:\MCC18\v3_39\src\traditional\proc\p18F46K20.asm
                   EECON1   0x000fa6       data     extern C:\MCC18\v3_39\src\traditional\proc\p18F46K20.asm
               EECON1bits   0x000fa6       data     extern C:\MCC18\v3_39\src\traditional\proc\p18F46K20.asm
                   EECON2   0x000fa7       data     extern C:\MCC18\v3_39\src\traditional\proc\p18F46K20.asm
                   EEDATA   0x000fa8       data     extern C:\MCC18\v3_39\src\traditional\proc\p18F46K20.asm
                     FSR0   0x000fe9       data     extern C:\MCC18\v3_39\src\traditional\proc\p18F46K20.asm
                    FSR0H   0x000fea       data     extern C:\MCC18\v3_39\src\traditional\proc\p18F46K20.asm
                    FSR0L   0x000fe9       data     extern C:\MCC18\v3_39\src\traditional\proc\p18F46K20.asm
                     FSR1   0x000fe1       data     extern C:\MCC18\v3_39\src\traditional\proc\p18F46K20.asm
                    FSR1H   0x000fe2       data     extern C:\MCC18\v3_39\src\traditional\proc\p18F46K20.asm
                    FSR1L   0x000fe1       data     extern C:\MCC18\v3_39\src\traditional\proc\p18F46K20.asm
                     FSR2   0x000fd9       data     extern C:\MCC18\v3_39\src\traditional\proc\p18F46K20.asm
                    FSR2H   0x000fda       data     extern C:\MCC18\v3_39\src\traditional\proc\p18F46K20.asm
                    FSR2L   0x000fd9       data     extern C:\MCC18\v3_39\src\traditional\proc\p18F46K20.asm
                  HLVDCON   0x000fd2       data     extern C:\MCC18\v3_39\src\traditional\proc\p18F46K20.asm
              HLVDCONbits   0x000fd2       data     extern C:\MCC18\v3_39\src\traditional\proc\p18F46K20.asm
                    INDF0   0x000fef       data     extern C:\MCC18\v3_39\src\traditional\proc\p18F46K20.asm
                    INDF1   0x000fe7       data     extern C:\MCC18\v3_39\src\traditional\proc\p18F46K20.asm
                    INDF2   0x000fdf       data     extern C:\MCC18\v3_39\src\traditional\proc\p18F46K20.asm
                   INTCON   0x000ff2       data     extern C:\MCC18\v3_39\src\traditional\proc\p18F46K20.asm
                  INTCON2   0x000ff1       data     extern C:\MCC18\v3_39\src\traditional\proc\p18F46K20.asm
              INTCON2bits   0x000ff1       data     extern C:\MCC18\v3_39\src\traditional\proc\p18F46K20.asm
                  INTCON3   0x000ff0       data     extern C:\MCC18\v3_39\src\traditional\proc\p18F46K20.asm
              INTCON3bits   0x000ff0       data     extern C:\MCC18\v3_39\src\traditional\proc\p18F46K20.asm
               INTCONbits   0x000ff2       data     extern C:\MCC18\v3_39\src\traditional\proc\p18F46K20.asm
                     IOCB   0x000f7d       data     extern C:\MCC18\v3_39\src\traditional\proc\p18F46K20.asm
                 IOCBbits   0x000f7d       data     extern C:\MCC18\v3_39\src\traditional\proc\p18F46K20.asm
                     IPR1   0x000f9f       data     extern C:\MCC18\v3_39\src\traditional\proc\p18F46K20.asm
                 IPR1bits   0x000f9f       data     extern C:\MCC18\v3_39\src\traditional\proc\p18F46K20.asm
                     IPR2   0x000fa2       data     extern C:\MCC18\v3_39\src\traditional\proc\p18F46K20.asm
                 IPR2bits   0x000fa2       data     extern C:\MCC18\v3_39\src\traditional\proc\p18F46K20.asm
                     LATA   0x000f89       data     extern C:\MCC18\v3_39\src\traditional\proc\p18F46K20.asm
                 LATAbits   0x000f89       data     extern C:\MCC18\v3_39\src\traditional\proc\p18F46K20.asm
                     LATB   0x000f8a       data     extern C:\MCC18\v3_39\src\traditional\proc\p18F46K20.asm
                 LATBbits   0x000f8a       data     extern C:\MCC18\v3_39\src\traditional\proc\p18F46K20.asm
                     LATC   0x000f8b       data     extern C:\MCC18\v3_39\src\traditional\proc\p18F46K20.asm
                 LATCbits   0x000f8b       data     extern C:\MCC18\v3_39\src\traditional\proc\p18F46K20.asm
                     LATD   0x000f8c       data     extern C:\MCC18\v3_39\src\traditional\proc\p18F46K20.asm
                 LATDbits   0x000f8c       data     extern C:\MCC18\v3_39\src\traditional\proc\p18F46K20.asm
                     LATE   0x000f8d       data     extern C:\MCC18\v3_39\src\traditional\proc\p18F46K20.asm
                 LATEbits   0x000f8d       data     extern C:\MCC18\v3_39\src\traditional\proc\p18F46K20.asm
                   LVDCON   0x000fd2       data     extern C:\MCC18\v3_39\src\traditional\proc\p18F46K20.asm
               LVDCONbits   0x000fd2       data     extern C:\MCC18\v3_39\src\traditional\proc\p18F46K20.asm
                 OAOffset   0x0001d5       data     extern L:\0-company\power\5-program\IDP-E-24V\00-new\S46K20-20131009\gsm.c
                   OSCCON   0x000fd3       data     extern C:\MCC18\v3_39\src\traditional\proc\p18F46K20.asm
               OSCCONbits   0x000fd3       data     extern C:\MCC18\v3_39\src\traditional\proc\p18F46K20.asm
                  OSCTUNE   0x000f9b       data     extern C:\MCC18\v3_39\src\traditional\proc\p18F46K20.asm
              OSCTUNEbits   0x000f9b       data     extern C:\MCC18\v3_39\src\traditional\proc\p18F46K20.asm
                       PC   0x000ff9       data     extern C:\MCC18\v3_39\src\traditional\proc\p18F46K20.asm
                      PCL   0x000ff9       data     extern C:\MCC18\v3_39\src\traditional\proc\p18F46K20.asm
                   PCLATH   0x000ffa       data     extern C:\MCC18\v3_39\src\traditional\proc\p18F46K20.asm
                   PCLATU   0x000ffb       data     extern C:\MCC18\v3_39\src\traditional\proc\p18F46K20.asm
                     PIE1   0x000f9d       data     extern C:\MCC18\v3_39\src\traditional\proc\p18F46K20.asm
                 PIE1bits   0x000f9d       data     extern C:\MCC18\v3_39\src\traditional\proc\p18F46K20.asm
                     PIE2   0x000fa0       data     extern C:\MCC18\v3_39\src\traditional\proc\p18F46K20.asm
                 PIE2bits   0x000fa0       data     extern C:\MCC18\v3_39\src\traditional\proc\p18F46K20.asm
                     PIR1   0x000f9e       data     extern C:\MCC18\v3_39\src\traditional\proc\p18F46K20.asm
                 PIR1bits   0x000f9e       data     extern C:\MCC18\v3_39\src\traditional\proc\p18F46K20.asm
                     PIR2   0x000fa1       data     extern C:\MCC18\v3_39\src\traditional\proc\p18F46K20.asm
                 PIR2bits   0x000fa1       data     extern C:\MCC18\v3_39\src\traditional\proc\p18F46K20.asm
                   PLUSW0   0x000feb       data     extern C:\MCC18\v3_39\src\traditional\proc\p18F46K20.asm
                   PLUSW1   0x000fe3       data     extern C:\MCC18\v3_39\src\traditional\proc\p18F46K20.asm
                   PLUSW2   0x000fdb       data     extern C:\MCC18\v3_39\src\traditional\proc\p18F46K20.asm
                    PORTA   0x000f80       data     extern C:\MCC18\v3_39\src\traditional\proc\p18F46K20.asm
                PORTAbits   0x000f80       data     extern C:\MCC18\v3_39\src\traditional\proc\p18F46K20.asm
                    PORTB   0x000f81       data     extern C:\MCC18\v3_39\src\traditional\proc\p18F46K20.asm
[...]
                PORTDbits   0x000f83       data     extern C:\MCC18\v3_39\src\traditional\proc\p18F46K20.asm
                    PORTE   0x000f84       data     extern C:\MCC18\v3_39\src\traditional\proc\p18F46K20.asm
                PORTEbits   0x000f84       data     extern C:\MCC18\v3_39\src\traditional\proc\p18F46K20.asm
                 LATAbits   0x000f89       data     extern C:\MCC18\v3_39\src\traditional\proc\p18F46K20.asm
                     LATA   0x000f89       data     extern C:\MCC18\v3_39\src\traditional\proc\p18F46K20.asm
                 LATBbits   0x000f8a       data     extern C:\MCC18\v3_39\src\traditional\proc\p18F46K20.asm
                     LATB   0x000f8a       data     extern C:\MCC18\v3_39\src\traditional\proc\p18F46K20.asm
                 LATCbits   0x000f8b       data     extern C:\MCC18\v3_39\src\traditional\proc\p18F46K20.asm
                     LATC   0x000f8b       data     extern C:\MCC18\v3_39\src\traditional\proc\p18F46K20.asm
                 LATDbits   0x000f8c       data     extern C:\MCC18\v3_39\src\traditional\proc\p18F46K20.asm
                     LATD   0x000f8c       data     extern C:\MCC18\v3_39\src\traditional\proc\p18F46K20.asm
                 LATEbits   0x000f8d       data     extern C:\MCC18\v3_39\src\traditional\proc\p18F46K20.asm
                     LATE   0x000f8d       data     extern C:\MCC18\v3_39\src\traditional\proc\p18F46K20.asm
                     DDRA   0x000f92       data     extern C:\MCC18\v3_39\src\traditional\proc\p18F46K20.asm
                TRISAbits   0x000f92       data     extern C:\MCC18\v3_39\src\traditional\proc\p18F46K20.asm
                    TRISA   0x000f92       data     extern C:\MCC18\v3_39\src\traditional\proc\p18F46K20.asm
                 DDRAbits   0x000f92       data     extern C:\MCC18\v3_39\src\traditional\proc\p18F46K20.asm
                     DDRB   0x000f93       data     extern C:\MCC18\v3_39\src\traditional\proc\p18F46K20.asm
                 DDRBbits   0x000f93       data     extern C:\MCC18\v3_39\src\traditional\proc\p18F46K20.asm
                TRISBbits   0x000f93       data     extern C:\MCC18\v3_39\src\traditional\proc\p18F46K20.asm
                    TRISB   0x000f93       data     extern C:\MCC18\v3_39\src\traditional\proc\p18F46K20.asm
                TRISCbits   0x000f94       data     extern C:\MCC18\v3_39\src\traditional\proc\p18F46K20.asm
                    TRISC   0x000f94       data     extern C:\MCC18\v3_39\src\traditional\proc\p18F46K20.asm
                     DDRC   0x000f94       data     extern C:\MCC18\v3_39\src\traditional\proc\p18F46K20.asm
                 DDRCbits   0x000f94       data     extern C:\MCC18\v3_39\src\traditional\proc\p18F46K20.asm
                TRISDbits   0x000f95       data     extern C:\MCC18\v3_39\src\traditional\proc\p18F46K20.asm
                    TRISD   0x000f95       data     extern C:\MCC18\v3_39\src\traditional\proc\p18F46K20.asm
                     DDRD   0x000f95       data     extern C:\MCC18\v3_39\src\traditional\proc\p18F46K20.asm
                 DDRDbits   0x000f95       data     extern C:\MCC18\v3_39\src\traditional\proc\p18F46K20.asm
                     DDRE   0x000f96       data     extern C:\MCC18\v3_39\src\traditional\proc\p18F46K20.asm
                 DDREbits   0x000f96       data     extern C:\MCC18\v3_39\src\traditional\proc\p18F46K20.asm
                    TRISE   0x000f96       data     extern C:\MCC18\v3_39\src\traditional\proc\p18F46K20.asm
                TRISEbits   0x000f96       data     extern C:\MCC18\v3_39\src\traditional\proc\p18F46K20.asm
                  OSCTUNE   0x000f9b       data     extern C:\MCC18\v3_39\src\traditional\proc\p18F46K20.asm
              OSCTUNEbits   0x000f9b       data     extern C:\MCC18\v3_39\src\traditional\proc\p18F46K20.asm
                 PIE1bits   0x000f9d       data     extern C:\MCC18\v3_39\src\traditional\proc\p18F46K20.asm
                     PIE1   0x000f9d       data     extern C:\MCC18\v3_39\src\traditional\proc\p18F46K20.asm
                 PIR1bits   0x000f9e       data     extern C:\MCC18\v3_39\src\traditional\proc\p18F46K20.asm
                     PIR1   0x000f9e       data     extern C:\MCC18\v3_39\src\traditional\proc\p18F46K20.asm
                 IPR1bits   0x000f9f       data     extern C:\MCC18\v3_39\src\traditional\proc\p18F46K20.asm
                     IPR1   0x000f9f       data     extern C:\MCC18\v3_39\src\traditional\proc\p18F46K20.asm
                 PIE2bits   0x000fa0       data     extern C:\MCC18\v3_39\src\traditional\proc\p18F46K20.asm
                     PIE2   0x000fa0       data     extern C:\MCC18\v3_39\src\traditional\proc\p18F46K20.asm
                 PIR2bits   0x000fa1       data     extern C:\MCC18\v3_39\src\traditional\proc\p18F46K20.asm
                     PIR2   0x000fa1       data     extern C:\MCC18\v3_39\src\traditional\proc\p18F46K20.asm
                 IPR2bits   0x000fa2       data     extern C:\MCC18\v3_39\src\traditional\proc\p18F46K20.asm
                     IPR2   0x000fa2       data     extern C:\MCC18\v3_39\src\traditional\proc\p18F46K20.asm
               EECON1bits   0x000fa6       data     extern C:\MCC18\v3_39\src\traditional\proc\p18F46K20.asm
                   EECON1   0x000fa6       data     extern C:\MCC18\v3_39\src\traditional\proc\p18F46K20.asm
                   EECON2   0x000fa7       data     extern C:\MCC18\v3_39\src\traditional\proc\p18F46K20.asm
                   EEDATA   0x000fa8       data     extern C:\MCC18\v3_39\src\traditional\proc\p18F46K20.asm
                    EEADR   0x000fa9       data     extern C:\MCC18\v3_39\src\traditional\proc\p18F46K20.asm
                EEADRbits   0x000fa9       data     extern C:\MCC18\v3_39\src\traditional\proc\p18F46K20.asm
               EEADRHbits   0x000faa       data     extern C:\MCC18\v3_39\src\traditional\proc\p18F46K20.asm
                   EEADRH   0x000faa       data     extern C:\MCC18\v3_39\src\traditional\proc\p18F46K20.asm
                RCSTAbits   0x000fab       data     extern C:\MCC18\v3_39\src\traditional\proc\p18F46K20.asm
                    RCSTA   0x000fab       data     extern C:\MCC18\v3_39\src\traditional\proc\p18F46K20.asm
                    TXSTA   0x000fac       data     extern C:\MCC18\v3_39\src\traditional\proc\p18F46K20.asm
                TXSTAbits   0x000fac       data     extern C:\MCC18\v3_39\src\traditional\proc\p18F46K20.asm
                    TXREG   0x000fad       data     extern C:\MCC18\v3_39\src\traditional\proc\p18F46K20.asm
                    RCREG   0x000fae       data     extern C:\MCC18\v3_39\src\traditional\proc\p18F46K20.asm
                    SPBRG   0x000faf       data     extern C:\MCC18\v3_39\src\traditional\proc\p18F46K20.asm
                   SPBRGH   0x000fb0       data     extern C:\MCC18\v3_39\src\traditional\proc\p18F46K20.asm
                    T3CON   0x000fb1       data     extern C:\MCC18\v3_39\src\traditional\proc\p18F46K20.asm
                T3CONbits   0x000fb1       data     extern C:\MCC18\v3_39\src\traditional\proc\p18F46K20.asm
                    TMR3L   0x000fb2       data     extern C:\MCC18\v3_39\src\traditional\proc\p18F46K20.asm
                    TMR3H   0x000fb3       data     extern C:\MCC18\v3_39\src\traditional\proc\p18F46K20.asm
              CVRCON2bits   0x000fb4       data     extern C:\MCC18\v3_39\src\traditional\proc\p18F46K20.asm
                  CVRCON2   0x000fb4       data     extern C:\MCC18\v3_39\src\traditional\proc\p18F46K20.asm
                   CVRCON   0x000fb5       data     extern C:\MCC18\v3_39\src\traditional\proc\p18F46K20.asm
               CVRCONbits   0x000fb5       data     extern C:\MCC18\v3_39\src\traditional\proc\p18F46K20.asm
                  ECCP1AS   0x000fb6       data     extern C:\MCC18\v3_39\src\traditional\proc\p18F46K20.asm
              ECCP1ASbits   0x000fb6       data     extern C:\MCC18\v3_39\src\traditional\proc\p18F46K20.asm
              PWM1CONbits   0x000fb7       data     extern C:\MCC18\v3_39\src\traditional\proc\p18F46K20.asm
                  PWM1CON   0x000fb7       data     extern C:\MCC18\v3_39\src\traditional\proc\p18F46K20.asm
              BAUDCONbits   0x000fb8       data     extern C:\MCC18\v3_39\src\traditional\proc\p18F46K20.asm
                  BAUDCTL   0x000fb8       data     extern C:\MCC18\v3_39\src\traditional\proc\p18F46K20.asm
              BAUDCTLbits   0x000fb8       data     extern C:\MCC18\v3_39\src\traditional\proc\p18F46K20.asm
                  BAUDCON   0x000fb8       data     extern C:\MCC18\v3_39\src\traditional\proc\p18F46K20.asm
              PSTRCONbits   0x000fb9       data     extern C:\MCC18\v3_39\src\traditional\proc\p18F46K20.asm
                  PSTRCON   0x000fb9       data     extern C:\MCC18\v3_39\src\traditional\proc\p18F46K20.asm
              CCP2CONbits   0x000fba       data     extern C:\MCC18\v3_39\src\traditional\proc\p18F46K20.asm
                  CCP2CON   0x000fba       data     extern C:\MCC18\v3_39\src\traditional\proc\p18F46K20.asm
                   CCPR2L   0x000fbb       data     extern C:\MCC18\v3_39\src\traditional\proc\p18F46K20.asm
                    CCPR2   0x000fbb       data     extern C:\MCC18\v3_39\src\traditional\proc\p18F46K20.asm
                   CCPR2H   0x000fbc       data     extern C:\MCC18\v3_39\src\traditional\proc\p18F46K20.asm
                  CCP1CON   0x000fbd       data     extern C:\MCC18\v3_39\src\traditional\proc\p18F46K20.asm
              CCP1CONbits   0x000fbd       data     extern C:\MCC18\v3_39\src\traditional\proc\p18F46K20.asm
                   CCPR1L   0x000fbe       data     extern C:\MCC18\v3_39\src\traditional\proc\p18F46K20.asm
                    CCPR1   0x000fbe       data     extern C:\MCC18\v3_39\src\traditional\proc\p18F46K20.asm
                   CCPR1H   0x000fbf       data     extern C:\MCC18\v3_39\src\traditional\proc\p18F46K20.asm
               ADCON2bits   0x000fc0       data     extern C:\MCC18\v3_39\src\traditional\proc\p18F46K20.asm
                   ADCON2   0x000fc0       data     extern C:\MCC18\v3_39\src\traditional\proc\p18F46K20.asm
               ADCON1bits   0x000fc1       data     extern C:\MCC18\v3_39\src\traditional\proc\p18F46K20.asm
                   ADCON1   0x000fc1       data     extern C:\MCC18\v3_39\src\traditional\proc\p18F46K20.asm
               ADCON0bits   0x000fc2       data     extern C:\MCC18\v3_39\src\traditional\proc\p18F46K20.asm
                   ADCON0   0x000fc2       data     extern C:\MCC18\v3_39\src\traditional\proc\p18F46K20.asm
                   ADRESL   0x000fc3       data     extern C:\MCC18\v3_39\src\traditional\proc\p18F46K20.asm
                    ADRES   0x000fc3       data     extern C:\MCC18\v3_39\src\traditional\proc\p18F46K20.asm
                   ADRESH   0x000fc4       data     extern C:\MCC18\v3_39\src\traditional\proc\p18F46K20.asm
                  SSPCON2   0x000fc5       data     extern C:\MCC18\v3_39\src\traditional\proc\p18F46K20.asm
              SSPCON2bits   0x000fc5       data     extern C:\MCC18\v3_39\src\traditional\proc\p18F46K20.asm
                  SSPCON1   0x000fc6       data     extern C:\MCC18\v3_39\src\traditional\proc\p18F46K20.asm
              SSPCON1bits   0x000fc6       data     extern C:\MCC18\v3_39\src\traditional\proc\p18F46K20.asm
                  SSPSTAT   0x000fc7       data     extern C:\MCC18\v3_39\src\traditional\proc\p18F46K20.asm
              SSPSTATbits   0x000fc7       data     extern C:\MCC18\v3_39\src\traditional\proc\p18F46K20.asm
                   SSPADD   0x000fc8       data     extern C:\MCC18\v3_39\src\traditional\proc\p18F46K20.asm
                   SSPBUF   0x000fc9       data     extern C:\MCC18\v3_39\src\traditional\proc\p18F46K20.asm
                T2CONbits   0x000fca       data     extern C:\MCC18\v3_39\src\traditional\proc\p18F46K20.asm
                    T2CON   0x000fca       data     extern C:\MCC18\v3_39\src\traditional\proc\p18F46K20.asm
                      PR2   0x000fcb       data     extern C:\MCC18\v3_39\src\traditional\proc\p18F46K20.asm
                     TMR2   0x000fcc       data     extern C:\MCC18\v3_39\src\traditional\proc\p18F46K20.asm
                    T1CON   0x000fcd       data     extern C:\MCC18\v3_39\src\traditional\proc\p18F46K20.asm
                T1CONbits   0x000fcd       data     extern C:\MCC18\v3_39\src\traditional\proc\p18F46K20.asm
                    TMR1L   0x000fce       data     extern C:\MCC18\v3_39\src\traditional\proc\p18F46K20.asm
                    TMR1H   0x000fcf       data     extern C:\MCC18\v3_39\src\traditional\proc\p18F46K20.asm
                     RCON   0x000fd0       data     extern C:\MCC18\v3_39\src\traditional\proc\p18F46K20.asm
                 RCONbits   0x000fd0       data     extern C:\MCC18\v3_39\src\traditional\proc\p18F46K20.asm
               WDTCONbits   0x000fd1       data     extern C:\MCC18\v3_39\src\traditional\proc\p18F46K20.asm
                   WDTCON   0x000fd1       data     extern C:\MCC18\v3_39\src\traditional\proc\p18F46K20.asm
               LVDCONbits   0x000fd2       data     extern C:\MCC18\v3_39\src\traditional\proc\p18F46K20.asm
                  HLVDCON   0x000fd2       data     extern C:\MCC18\v3_39\src\traditional\proc\p18F46K20.asm
              HLVDCONbits   0x000fd2       data     extern C:\MCC18\v3_39\src\traditional\proc\p18F46K20.asm
                   LVDCON   0x000fd2       data     extern C:\MCC18\v3_39\src\traditional\proc\p18F46K20.asm
               OSCCONbits   0x000fd3       data     extern C:\MCC18\v3_39\src\traditional\proc\p18F46K20.asm
                   OSCCON   0x000fd3       data     extern C:\MCC18\v3_39\src\traditional\proc\p18F46K20.asm
                T0CONbits   0x000fd5       data     extern C:\MCC18\v3_39\src\traditional\proc\p18F46K20.asm
                    T0CON   0x000fd5       data     extern C:\MCC18\v3_39\src\traditional\proc\p18F46K20.asm
                    TMR0L   0x000fd6       data     extern C:\MCC18\v3_39\src\traditional\proc\p18F46K20.asm
                    TMR0H   0x000fd7       data     extern C:\MCC18\v3_39\src\traditional\proc\p18F46K20.asm
               STATUSbits   0x000fd8       data     extern C:\MCC18\v3_39\src\traditional\proc\p18F46K20.asm
                   STATUS   0x000fd8       data     extern C:\MCC18\v3_39\src\traditional\proc\p18F46K20.asm
                    FSR2L   0x000fd9       data     extern C:\MCC18\v3_39\src\traditional\proc\p18F46K20.asm
                     FSR2   0x000fd9       data     extern C:\MCC18\v3_39\src\traditional\proc\p18F46K20.asm
                    FSR2H   0x000fda       data     extern C:\MCC18\v3_39\src\traditional\proc\p18F46K20.asm
                   PLUSW2   0x000fdb       data     extern C:\MCC18\v3_39\src\traditional\proc\p18F46K20.asm
                  PREINC2   0x000fdc       data     extern C:\MCC18\v3_39\src\traditional\proc\p18F46K20.asm
                 POSTDEC2   0x000fdd       data     extern C:\MCC18\v3_39\src\traditional\proc\p18F46K20.asm
                 POSTINC2   0x000fde       data     extern C:\MCC18\v3_39\src\traditional\proc\p18F46K20.asm
                    INDF2   0x000fdf       data     extern C:\MCC18\v3_39\src\traditional\proc\p18F46K20.asm
                      BSR   0x000fe0       data     extern C:\MCC18\v3_39\src\traditional\proc\p18F46K20.asm
                    FSR1L   0x000fe1       data     extern C:\MCC18\v3_39\src\traditional\proc\p18F46K20.asm
                     FSR1   0x000fe1       data     extern C:\MCC18\v3_39\src\traditional\proc\p18F46K20.asm
                    FSR1H   0x000fe2       data     extern C:\MCC18\v3_39\src\traditional\proc\p18F46K20.asm
                   PLUSW1   0x000fe3       data     extern C:\MCC18\v3_39\src\traditional\proc\p18F46K20.asm
                  PREINC1   0x000fe4       data     extern C:\MCC18\v3_39\src\traditional\proc\p18F46K20.asm
                 POSTDEC1   0x000fe5       data     extern C:\MCC18\v3_39\src\traditional\proc\p18F46K20.asm
                 POSTINC1   0x000fe6       data     extern C:\MCC18\v3_39\src\traditional\proc\p18F46K20.asm
                    INDF1   0x000fe7       data     extern C:\MCC18\v3_39\src\traditional\proc\p18F46K20.asm
                     WREG   0x000fe8       data     extern C:\MCC18\v3_39\src\traditional\proc\p18F46K20.asm
                        W   0x000fe8       data     extern C:\MCC18\v3_39\src\traditional\proc\p18F46K20.asm
                     FSR0   0x000fe9       data     extern C:\MCC18\v3_39\src\traditional\proc\p18F46K20.asm
                    FSR0L   0x000fe9       data     extern C:\MCC18\v3_39\src\traditional\proc\p18F46K20.asm
                    FSR0H   0x000fea       data     extern C:\MCC18\v3_39\src\traditional\proc\p18F46K20.asm
                   PLUSW0   0x000feb       data     extern C:\MCC18\v3_39\src\traditional\proc\p18F46K20.asm
                  PREINC0   0x000fec       data     extern C:\MCC18\v3_39\src\traditional\proc\p18F46K20.asm
                 POSTDEC0   0x000fed       data     extern C:\MCC18\v3_39\src\traditional\proc\p18F46K20.asm
                 POSTINC0   0x000fee       data     extern C:\MCC18\v3_39\src\traditional\proc\p18F46K20.asm
                    INDF0   0x000fef       data     extern C:\MCC18\v3_39\src\traditional\proc\p18F46K20.asm
                  INTCON3   0x000ff0       data     extern C:\MCC18\v3_39\src\traditional\proc\p18F46K20.asm
              INTCON3bits   0x000ff0       data     extern C:\MCC18\v3_39\src\traditional\proc\p18F46K20.asm
              INTCON2bits   0x000ff1       data     extern C:\MCC18\v3_39\src\traditional\proc\p18F46K20.asm
                  INTCON2   0x000ff1       data     extern C:\MCC18\v3_39\src\traditional\proc\p18F46K20.asm
                   INTCON   0x000ff2       data     extern C:\MCC18\v3_39\src\traditional\proc\p18F46K20.asm
               INTCONbits   0x000ff2       data     extern C:\MCC18\v3_39\src\traditional\proc\p18F46K20.asm
                     PROD   0x000ff3       data     extern C:\MCC18\v3_39\src\traditional\proc\p18F46K20.asm
                    PRODL   0x000ff3       data     extern C:\MCC18\v3_39\src\traditional\proc\p18F46K20.asm
                    PRODH   0x000ff4       data     extern C:\MCC18\v3_39\src\traditional\proc\p18F46K20.asm
                   TABLAT   0x000ff5       data     extern C:\MCC18\v3_39\src\traditional\proc\p18F46K20.asm
                   TBLPTR   0x000ff6       data     extern C:\MCC18\v3_39\src\traditional\proc\p18F46K20.asm
                  TBLPTRL   0x000ff6       data     extern C:\MCC18\v3_39\src\traditional\proc\p18F46K20.asm
                  TBLPTRH   0x000ff7       data     extern C:\MCC18\v3_39\src\traditional\proc\p18F46K20.asm
                  TBLPTRU   0x000ff8       data     extern C:\MCC18\v3_39\src\traditional\proc\p18F46K20.asm
                       PC   0x000ff9       data     extern C:\MCC18\v3_39\src\traditional\proc\p18F46K20.asm
                      PCL   0x000ff9       data     extern C:\MCC18\v3_39\src\traditional\proc\p18F46K20.asm
                   PCLATH   0x000ffa       data     extern C:\MCC18\v3_39\src\traditional\proc\p18F46K20.asm
                   PCLATU   0x000ffb       data     extern C:\MCC18\v3_39\src\traditional\proc\p18F46K20.asm
                   STKPTR   0x000ffc       data     extern C:\MCC18\v3_39\src\traditional\proc\p18F46K20.asm
               STKPTRbits   0x000ffc       data     extern C:\MCC18\v3_39\src\traditional\proc\p18F46K20.asm
                      TOS   0x000ffd       data     extern C:\MCC18\v3_39\src\traditional\proc\p18F46K20.asm
                     TOSL   0x000ffd       data     extern C:\MCC18\v3_39\src\traditional\proc\p18F46K20.asm
                     TOSH   0x000ffe       data     extern C:\MCC18\v3_39\src\traditional\proc\p18F46K20.asm
                     TOSU   0x000fff       data     extern C:\MCC18\v3_39\src\traditional\proc\p18F46K20.asm


